Microchip MPLAB XC8 Compiler V1.33 ()

Linker command line:

--edf=C:\Program Files (x86)\Microchip\xc8\v1.33\dat\en_msgs.txt -cs \
  -h+dist/default/production\UV_Timer.production.sym \
  --cmf=dist/default/production\UV_Timer.production.cmf -z -Q18F14K22 \
  -oC:\Users\Master\AppData\Local\Temp\s680.6 \
  -Mdist/default/production/UV_Timer.production.map -E1 -ver=XC8 \
  -ASTACK=06Fh-01ffh -pstack=STACK -ACODE=00h-03FFFh -ACONST=00h-03FFFh \
  -ASMALLCONST=0200h-02FFhx62 -AMEDIUMCONST=0200h-03FFFh -ACOMRAM=01h-05Fh \
  -AABS1=00h-01FFh -ABIGRAM=01h-01FFh -ARAM=060h-0FFh,0100h-01FFh \
  -ABANK0=060h-0FFh -ABANK1=0100h-01FFh -ASFR=0F60h-0FFFh \
  -preset_vec=00h,intcode=08h,intcodelo=018h,powerup,init,end_init \
  -pramtop=0200h -psmallconst=SMALLCONST -pmediumconst=MEDIUMCONST \
  -pconst=CONST -AFARRAM=00h-00h -ACONFIG=0300000h-030000Dh -pconfig=CONFIG \
  -AIDLOC=0200000h-0200007h -pidloc=IDLOC -AEEDATA=0F00000h-0F000FFh \
  -peeprom_data=EEDATA \
  -prdata=COMRAM,nvrram=COMRAM,nvbit=COMRAM,rbss=COMRAM,rbit=COMRAM \
  -pfarbss=FARRAM,fardata=FARRAM,nvFARRAM=FARRAM \
  -pintsave_regs=BIGRAM,bigbss=BIGRAM,bigdata=BIGRAM -pbss=RAM \
  -pidata=CODE,irdata=CODE,ibigdata=CODE,ifardata=CODE \
  C:\Users\Master\AppData\Local\Temp\s680.obj \
  dist/default/production\UV_Timer.production.obj 

Object code version is 3.11

Machine type is 18F14K22

Call graph: (short form)




                Name                               Link     Load   Length Selector   Space Scale
C:\Users\Master\AppData\Local\Temp\s680.obj
                end_init                             7E       7E        4        C       0
                reset_vec                             0        0        4        0       0
                config                           300000   300000        E   300000       0
dist/default/production\UV_Timer.production.obj
                intcodelo                            18       18       66        C       0
                intcode                               8        8        C        4       0
                smallconst                          200      200       9C      100       0
                text67                              E1A      E1A       24      14E       0
                text66                              DF6      DF6       24      14E       0
                text65                              FA6      FA6       16      14E       0
                text64                              EC2      EC2       20      14E       0
                text63                             10E2     10E2        4      14E       0
                text62                              F4C      F4C       18      14E       0
                intcode_body                        EA2      EA2       20      14E       0
                text60                              9EA      9EA       60      14E       0
                text59                              71C      71C       B6      14E       0
                text58                              C8E      C8E       3E      14E       0
                text57                              BD2      BD2       40      14E       0
                text55                              AA4      AA4       54      14E       0
                text54                             1098     1098        A      14E       0
                text53                              DD2      DD2       24      14E       0
                text52                              F90      F90       16      14E       0
                text51                             10C2     10C2        8      14E       0
                text50                             10BA     10BA        8      14E       0
                text49                             108E     108E        A      14E       0
                text48                             10B2     10B2        8      14E       0
                text47                              EFE      EFE       1C      14E       0
                text46                              E60      E60       22      14E       0
                text45                              F7A      F7A       16      14E       0
                text44                              5A0      5A0       C4      14E       0
                text43                              D5E      D5E       28      14E       0
                text42                             10AA     10AA        8      14E       0
                text41                              F1A      F1A       1A      14E       0
                text40                             1078     1078        C      14E       0
                text39                             105E     105E        E      14E       0
                text38                             1050     1050        E      14E       0
                text37                              FF8      FF8       14      14E       0
                text36                             10A2     10A2        8      14E       0
                text35                             1084     1084        A      14E       0
                text34                              EE2      EE2       1C      14E       0
                text33                              D34      D34       2A      14E       0
                text32                             106C     106C        C      14E       0
                text31                              FE4      FE4       14      14E       0
                text30                              F34      F34       18      14E       0
                text29                             10D0     10D0        6      14E       0
                text28                              D00      D00       34      14E       0
                text27                             10DE     10DE        4      14E       0
                text26                             101E     101E       12      14E       0
                text25                             10DA     10DA        4      14E       0
                text24                             1040     1040       10      14E       0
                text23                              FD0      FD0       14      14E       0
                text22                              C50      C50       3E      14E       0
                text21                              FBC      FBC       14      14E       0
                text20                             1030     1030       10      14E       0
                text19                              B8C      B8C       46      14E       0
                text18                              B42      B42       4A      14E       0
                text17                              C12      C12       3E      14E       0
                text16                              862      862       8A      14E       0
                text15                             100C     100C       12      14E       0
                text14                              AF8      AF8       4A      14E       0
                text13                             10CA     10CA        6      14E       0
                text12                              CCC      CCC       34      14E       0
                text11                              7D2      7D2       90      14E       0
                text10                              972      972       78      14E       0
                text9                               DAC      DAC       26      14E       0
                text8                               8EC      8EC       86      14E       0
                text7                               E82      E82       20      14E       0
                text6                              10D6     10D6        4      14E       0
                text5                               E3E      E3E       22      14E       0
                text4                               664      664       B8      14E       0
                text3                               D86      D86       26      14E       0
                text2                               29C      29C      208      14E       0
                text1                               A4A      A4A       5A      14E       0
                text0                               4A4      4A4       FC      14E       0
                cstackCOMRAM                         29       29       1C        1       1
                cstackBANK0                          60       60        F       60       1
                bssCOMRAM                             1        1       28        1       1
                cinit                               F64      F64       16      14E       0
                nvCOMRAM                             45       45        6        1       1

TOTAL           Name                               Link     Load   Length     Space
        CLASS   STACK          

        CLASS   CODE           
                end_init                             7E       7E        4         0
                intcodelo                            18       18       66         0
                intcode                               8        8        C         0
                reset_vec                             0        0        4         0
                text67                              E1A      E1A       24         0
                text66                              DF6      DF6       24         0
                text65                              FA6      FA6       16         0
                text64                              EC2      EC2       20         0
                text63                             10E2     10E2        4         0
                text62                              F4C      F4C       18         0
                intcode_body                        EA2      EA2       20         0
                text60                              9EA      9EA       60         0
                text59                              71C      71C       B6         0
                text58                              C8E      C8E       3E         0
                text57                              BD2      BD2       40         0
                text55                              AA4      AA4       54         0
                text54                             1098     1098        A         0
                text53                              DD2      DD2       24         0
                text52                              F90      F90       16         0
                text51                             10C2     10C2        8         0
                text50                             10BA     10BA        8         0
                text49                             108E     108E        A         0
                text48                             10B2     10B2        8         0
                text47                              EFE      EFE       1C         0
                text46                              E60      E60       22         0
                text45                              F7A      F7A       16         0
                text44                              5A0      5A0       C4         0
                text43                              D5E      D5E       28         0
                text42                             10AA     10AA        8         0
                text41                              F1A      F1A       1A         0
                text40                             1078     1078        C         0
                text39                             105E     105E        E         0
                text38                             1050     1050        E         0
                text37                              FF8      FF8       14         0
                text36                             10A2     10A2        8         0
                text35                             1084     1084        A         0
                text34                              EE2      EE2       1C         0
                text33                              D34      D34       2A         0
                text32                             106C     106C        C         0
                text31                              FE4      FE4       14         0
                text30                              F34      F34       18         0
                text29                             10D0     10D0        6         0
                text28                              D00      D00       34         0
                text27                             10DE     10DE        4         0
                text26                             101E     101E       12         0
                text25                             10DA     10DA        4         0
                text24                             1040     1040       10         0
                text23                              FD0      FD0       14         0
                text22                              C50      C50       3E         0
                text21                              FBC      FBC       14         0
                text20                             1030     1030       10         0
                text19                              B8C      B8C       46         0
                text18                              B42      B42       4A         0
                text17                              C12      C12       3E         0
                text16                              862      862       8A         0
                text15                             100C     100C       12         0
                text14                              AF8      AF8       4A         0
                text13                             10CA     10CA        6         0
                text12                              CCC      CCC       34         0
                text11                              7D2      7D2       90         0
                text10                              972      972       78         0
                text9                               DAC      DAC       26         0
                text8                               8EC      8EC       86         0
                text7                               E82      E82       20         0
                text6                              10D6     10D6        4         0
                text5                               E3E      E3E       22         0
                text4                               664      664       B8         0
                text3                               D86      D86       26         0
                text2                               29C      29C      208         0
                text1                               A4A      A4A       5A         0
                text0                               4A4      4A4       FC         0
                cinit                               F64      F64       16         0

        CLASS   CONST          

        CLASS   SMALLCONST     
                smallconst                          200      200       9C         0

        CLASS   MEDIUMCONST    

        CLASS   COMRAM         
                cstackCOMRAM                         29       29       1C         1
                bssCOMRAM                             1        1       28         1
                nvCOMRAM                             45       45        6         1

        CLASS   ABS1           

        CLASS   BIGRAM         

        CLASS   RAM            

        CLASS   BANK0          
                cstackBANK0                          60       60        F         1

        CLASS   BANK1          

        CLASS   SFR            

        CLASS   FARRAM         

        CLASS   CONFIG         
                config                           300000   300000        E         0

        CLASS   IDLOC          

        CLASS   EEDATA         



SEGMENTS        Name                           Load    Length   Top    Selector   Space  Class

                reset_vec                      000000  000004  000004         0       0  CODE    
                bssCOMRAM                      000001  00004A  00004B         1       1  COMRAM  
                intcode                        000008  00000C  000014         4       0  CODE    
                intcodelo                      000018  00006A  000082         C       0  CODE    
                cstackBANK0                    000060  00000F  00006F        60       1  BANK0   
                smallconst                     000200  00009C  00029C       100       0  SMALLCON
                text2                          00029C  000E4A  0010E6       14E       0  CODE    
                config                         300000  00000E  30000E    300000       0  CONFIG  


UNUSED ADDRESS RANGES

        Name                Unused          Largest block    Delta
        BANK0            00006F-0000FF               91
        BANK1            000100-0001FF              100
        BIGRAM           00004B-00005F               15
                         00006F-0001FF              191
        CODE             000004-000007                4
                         000014-000017                4
                         000082-0001FF              17E
                         0010E6-003FFF             2F1A
        COMRAM           00004B-00005F               15
        CONST            000004-000007                4
                         000014-000017                4
                         000082-0001FF              17E
                         0010E6-003FFF             2F1A
        EEDATA           F00000-F000FF              100
        IDLOC            200000-200007                8
        MEDIUMCONST      0010E6-003FFF             2F1A
        RAM              00006F-0001FF               91
        SFR              000F60-000FFF               A0
        SMALLCONST       0010E6-003FFF              100
        STACK            00006F-0001FF              191

                                  Symbol Table

?_GetLastTime                   cstackCOMRAM 000040
?___awdiv                       cstackCOMRAM 00003E
?___awmod                       cstackBANK0  000064
?___lwdiv                       cstackCOMRAM 00003E
?___lwmod                       cstackBANK0  000060
?___wmul                        cstackCOMRAM 00003E
?i1___lwmod                     cstackCOMRAM 000029
Buzzer@count                    bssCOMRAM    000007
Buzzer@step                     bssCOMRAM    000017
ClearButtonsAndTimers@i         cstackCOMRAM 00003E
DisplayClear@x                  cstackCOMRAM 00003E
DisplayDP@digit                 cstackCOMRAM 00003E
DisplayMsg@fValue               cstackCOMRAM 000041
DisplayMsg@i                    cstackCOMRAM 000043
DisplayMsg@msg                  cstackCOMRAM 000042
DisplayValue@hund               cstackBANK0  000068
DisplayValue@number             cstackBANK0  000065
DisplayValue@ones               cstackBANK0  00006A
DisplayValue@tens               cstackBANK0  000069
EncoderISR@temp                 cstackCOMRAM 00002B
EncoderISR@ticks                bssCOMRAM    000018
GetLastTime@i                   cstackBANK0  000064
GetLastTime@read                cstackBANK0  000063
GetLastTime@scale               cstackBANK0  000062
GetLastTime@value               cstackBANK0  000060
HandleButtons@holdCount         bssCOMRAM    000009
HandleButtons@wait              cstackCOMRAM 000042
MAX7219_Clear@i                 cstackCOMRAM 000042
MAX7219_Clear@i_1175            cstackCOMRAM 000043
MAX7219_SetDecode@digits        cstackCOMRAM 000042
MAX7219_SetIntensity@intensity  cstackCOMRAM 000042
MAX7219_SetRegister@data        cstackCOMRAM 000040
MAX7219_SetRegister@reg         cstackCOMRAM 000041
MAX7219_SetScanLimit@limit      cstackCOMRAM 000042
MAX7219_ShiftByte@i             cstackCOMRAM 00003F
MAX7219_ShiftByte@value         cstackCOMRAM 00003E
MAX7219_SyncBuffer@i            cstackCOMRAM 000042
NewButtonCheck@i                cstackCOMRAM 00002B
PL10                            text16       0008DA
PL12                            text4        000700
PL14                            text2        000496
PL16                            text0        000592
PL18                            text55       000AE0
PL2                             text59       0007B4
PL20                            text4        000712
PL22                            text55       000AEE
PL4                             text59       0007C2
PL6                             text16       0008CA
PL8                             text11       000858
Read_b_eep@badd                 cstackCOMRAM 00003E
SaveTime@time                   cstackBANK0  000068
SaveTime@value                  cstackCOMRAM 000044
ScrollMessage@delayCount        cstackBANK0  000061
ScrollMessage@digit             cstackBANK0  000060
ScrollMessage@i                 cstackBANK0  000065
ScrollMessage@string            cstackBANK0  000063
ScrollMessage@x                 cstackBANK0  000064
SetTimer@amount                 cstackBANK0  00006E
SetTimer@holdTime               bssCOMRAM    00000B
SetTimer@switchState            cstackBANK0  00006D
SetTimer@wait                   cstackBANK0  00006B
ShiftDisplayLeft@x              cstackCOMRAM 00003E
Write_b_eep@GIE_BIT_VAL         cstackCOMRAM 000041
Write_b_eep@badd                cstackCOMRAM 00003E
Write_b_eep@bdat                cstackCOMRAM 000040
_ADCON0bits                     (abs)        000FC2
_ANSEL                          (abs)        000F7E
_ANSELH                         (abs)        000F7F
_Busy_eep                       text13       0010CA
_Buzzer                         text55       000AA4
_CCP1CON                        (abs)        000FBD
_CCPR1L                         (abs)        000FBE
_CM1CON0bits                    (abs)        000F6D
_CM2CON0bits                    (abs)        000F6B
_ClearButtonsAndTimers          text46       000E60
_ClearFlags                     text54       001098
_DisplayClear                   text45       000F7A
_DisplayDP                      text20       001030
_DisplayMsg                     text19       000B8C
_DisplayOff                     text50       0010BA
_DisplayOn                      text48       0010B2
_DisplaySync                    text6        0010D6
_DisplayValue                   text16       000862
_ECCP1ASbits                    (abs)        000FB6
_EEADR                          (abs)        000FA9
_EECON1bits                     (abs)        000FA6
_EECON2                         (abs)        000FA7
_EEDATA                         (abs)        000FA8
_EncoderISR                     text60       0009EA
_FlashDisplay                   text47       000EFE
_GetLastTime                    text14       000AF8
_HandleButtons                  text44       0005A0
_INTCON2bits                    (abs)        000FF1
_INTCONbits                     (abs)        000FF2
_IOCBbits                       (abs)        000F7A
_IPR1bits                       (abs)        000F9F
_IPR2bits                       (abs)        000FA2
_InitButtons                    text35       001084
_InitBuzzer                     text34       000EE2
_InitDisplay                    text36       0010A2
_InitEncoder                    text33       000D34
_InitInterrupt                  text32       00106C
_InitOscillator                 text31       000FE4
_InitPins                       text30       000F34
_InitRelay                      text29       0010D0
_InitStuctures                  text28       000D00
_InitSystem                     text22       000C50
_InitTMR0                       text26       00101E
_InitTMR1                       text24       001040
_InitTMR3                       text23       000FD0
_IntHigh                        intcode      000008
_IntLow                         intcodelo    000018
_LATA                           (abs)        000F89
_LATB                           (abs)        000F8A
_LATB7                          (abs)        007C57
_LATC                           (abs)        000F8B
_LATC1                          (abs)        007C59
_LATC3                          (abs)        007C5B
_LATC6                          (abs)        007C5E
_LATC7                          (abs)        007C5F
_MAX7219_Clear                  text43       000D5E
_MAX7219_Init                   text41       000F1A
_MAX7219_New                    text37       000FF8
_MAX7219_NormalMode             text42       0010AA
_MAX7219_SetDecode              text40       001078
_MAX7219_SetIntensity           text39       00105E
_MAX7219_SetRegister            text52       000F90
_MAX7219_SetScanLimit           text38       001050
_MAX7219_ShiftByte              text53       000DD2
_MAX7219_Shutdown               text51       0010C2
_MAX7219_SyncBuffer             text7        000E82
_MAX7219_TurnOn                 text49       00108E
_NewButtonCheck                 text59       00071C
_NoTimer                        text21       000FBC
_OSCCON2bits                    (abs)        000FD2
_OSCCONbits                     (abs)        000FD3
_OSCTUNEbits                    (abs)        000F9B
_PIE1bits                       (abs)        000F9D
_PIE2bits                       (abs)        000FA0
_PIR1bits                       (abs)        000F9E
_PIR2bits                       (abs)        000FA1
_PORTA                          (abs)        000F80
_PORTAbits                      (abs)        000F80
_PORTB                          (abs)        000F81
_PORTBbits                      (abs)        000F81
_PORTC                          (abs)        000F82
_PORTCbits                      (abs)        000F82
_PR2                            (abs)        000FCB
_PSTRCON                        (abs)        000FB9
_PSTRCONbits                    (abs)        000FB9
_RCONbits                       (abs)        000FD0
_RCSTAbits                      (abs)        000FAB
_Read_b_eep                     text15       00100C
_SRCON0bits                     (abs)        000F68
_SSPCON1bits                    (abs)        000FC6
_SaveTime                       text8        0008EC
_ScrollMessage                  text4        000664
_SetTimer                       text2        00029C
_ShiftDisplayLeft               text5        000E3E
_T0CON                          (abs)        000FD5
_T0CONbits                      (abs)        000FD5
_T1CON                          (abs)        000FCD
_T1CONbits                      (abs)        000FCD
_T2CON                          (abs)        000FCA
_T3CON                          (abs)        000FB1
_T3CONbits                      (abs)        000FB1
_TMR0H                          (abs)        000FD7
_TMR0L                          (abs)        000FD6
_TMR0_ISR                       text57       000BD2
_TMR0_Start                     text27       0010DE
_TMR1H                          (abs)        000FCF
_TMR1L                          (abs)        000FCE
_TMR1_ISR                       text67       000E1A
_TMR1_Start                     text25       0010DA
_TMR3                           (abs)        000FB2
_TMR3_ISR                       text62       000F4C
_TRISA                          (abs)        000F92
_TRISB                          (abs)        000F93
_TRISB7                         (abs)        007C9F
_TRISBbits                      (abs)        000F93
_TRISC                          (abs)        000F94
_TRISC0                         (abs)        007CA0
_TRISC1                         (abs)        007CA1
_TRISC3                         (abs)        007CA3
_TRISC5                         (abs)        007CA5
_TRISC6                         (abs)        007CA6
_TRISC7                         (abs)        007CA7
_TimerOn                        text1        000A4A
_VREFCON0bits                   (abs)        000FBA
_VREFCON1bits                   (abs)        000FBB
_WPUA                           (abs)        000F77
_WPUB                           (abs)        000F78
_WPUBbits                       (abs)        000F78
_Write_b_eep                    text12       000CCC
__CFG_BBSIZ$OFF                 (abs)        000000
__CFG_BOREN$OFF                 (abs)        000000
__CFG_BORV$19                   (abs)        000000
__CFG_CP0$OFF                   (abs)        000000
__CFG_CP1$OFF                   (abs)        000000
__CFG_CPB$OFF                   (abs)        000000
__CFG_CPD$OFF                   (abs)        000000
__CFG_EBTR0$OFF                 (abs)        000000
__CFG_EBTR1$OFF                 (abs)        000000
__CFG_EBTRB$OFF                 (abs)        000000
__CFG_FCMEN$OFF                 (abs)        000000
__CFG_FOSC$IRC                  (abs)        000000
__CFG_HFOFST$OFF                (abs)        000000
__CFG_IESO$ON                   (abs)        000000
__CFG_LVP$OFF                   (abs)        000000
__CFG_MCLRE$OFF                 (abs)        000000
__CFG_PCLKEN$OFF                (abs)        000000
__CFG_PLLEN$OFF                 (abs)        000000
__CFG_PWRTEN$ON                 (abs)        000000
__CFG_STVREN$ON                 (abs)        000000
__CFG_WDTEN$OFF                 (abs)        000000
__CFG_WDTPS$32768               (abs)        000000
__CFG_WRT0$OFF                  (abs)        000000
__CFG_WRT1$OFF                  (abs)        000000
__CFG_WRTB$OFF                  (abs)        000000
__CFG_WRTC$OFF                  (abs)        000000
__CFG_WRTD$OFF                  (abs)        000000
__CFG_XINST$OFF                 (abs)        000000
__HRAM                          (abs)        000000
__Habs1                         abs1         000000
__Hbank0                        bank0        000000
__Hbank1                        bank1        000000
__Hbigbss                       bigbss       000000
__Hbigdata                      bigdata      000000
__Hbigram                       bigram       000000
__Hbss                          bss          000000
__HbssCOMRAM                    bssCOMRAM    000000
__Hcinit                        cinit        000000
__Hclrtext                      clrtext      000000
__Hcomram                       comram       000000
__Hconfig                       config       30000E
__Hconst                        const        000000
__HcstackBANK0                  cstackBANK0  000000
__HcstackCOMRAM                 cstackCOMRAM 000000
__Hdata                         data         000000
__Heeprom_data                  eeprom_data  000000
__Hend_init                     end_init     000082
__Hfarbss                       farbss       000000
__Hfardata                      fardata      000000
__Hibigdata                     ibigdata     000000
__Hidata                        idata        000000
__Hidloc                        idloc        000000
__Hifardata                     ifardata     000000
__Hinit                         init         00007E
__Hintcode                      intcode      000014
__Hintcode_body                 intcode_body 000000
__Hintcodelo                    intcodelo    00007E
__Hintentry                     intentry     000000
__Hintret                       intret       000000
__Hintsave_regs                 intsave_regs 000000
__Hirdata                       irdata       000000
__Hmediumconst                  mediumconst  000000
__HnvCOMRAM                     nvCOMRAM     000000
__HnvFARRAM                     nvFARRAM     000000
__Hnvbit                        nvbit        000000
__Hnvrram                       nvrram       000000
__Hpa_nodes                     pa_nodes     000000
__Hparam                        rparam       000000
__Hpowerup                      powerup      00007E
__Hram                          ram          000000
__Hramtop                       ramtop       000200
__Hrbit                         rbit         000000
__Hrbss                         rbss         000000
__Hrdata                        rdata        000000
__Hreset_vec                    reset_vec    000004
__Hrparam                       rparam       000000
__Hsfr                          sfr          000000
__Hsmallconst                   smallconst   00029C
__Hspace_0                      (abs)        30000E
__Hspace_1                      (abs)        00006F
__Hspace_2                      (abs)        000000
__Hstack                        stack        000000
__Hstruct                       struct       000000
__Htemp                         temp         000000
__Htext                         text         000000
__Htext0                        text0        000000
__Htext1                        text1        000000
__Htext10                       text10       000000
__Htext11                       text11       000000
__Htext12                       text12       000000
__Htext13                       text13       000000
__Htext14                       text14       000000
__Htext15                       text15       000000
__Htext16                       text16       000000
__Htext17                       text17       000000
__Htext18                       text18       000000
__Htext19                       text19       000000
__Htext2                        text2        000000
__Htext20                       text20       000000
__Htext21                       text21       000000
__Htext22                       text22       000000
__Htext23                       text23       000000
__Htext24                       text24       000000
__Htext25                       text25       000000
__Htext26                       text26       000000
__Htext27                       text27       000000
__Htext28                       text28       000000
__Htext29                       text29       000000
__Htext3                        text3        000000
__Htext30                       text30       000000
__Htext31                       text31       000000
__Htext32                       text32       000000
__Htext33                       text33       000000
__Htext34                       text34       000000
__Htext35                       text35       000000
__Htext36                       text36       000000
__Htext37                       text37       000000
__Htext38                       text38       000000
__Htext39                       text39       000000
__Htext4                        text4        000000
__Htext40                       text40       000000
__Htext41                       text41       000000
__Htext42                       text42       000000
__Htext43                       text43       000000
__Htext44                       text44       000000
__Htext45                       text45       000000
__Htext46                       text46       000000
__Htext47                       text47       000000
__Htext48                       text48       000000
__Htext49                       text49       000000
__Htext5                        text5        000000
__Htext50                       text50       000000
__Htext51                       text51       000000
__Htext52                       text52       000000
__Htext53                       text53       000000
__Htext54                       text54       000000
__Htext55                       text55       000000
__Htext57                       text57       000000
__Htext58                       text58       000000
__Htext59                       text59       000000
__Htext6                        text6        000000
__Htext60                       text60       000000
__Htext62                       text62       000000
__Htext63                       text63       000000
__Htext64                       text64       000000
__Htext65                       text65       000000
__Htext66                       text66       000000
__Htext67                       text67       000000
__Htext7                        text7        000000
__Htext8                        text8        000000
__Htext9                        text9        000000
__LRAM                          (abs)        000001
__Labs1                         abs1         000000
__Lbank0                        bank0        000000
__Lbank1                        bank1        000000
__Lbigbss                       bigbss       000000
__Lbigdata                      bigdata      000000
__Lbigram                       bigram       000000
__Lbss                          bss          000000
__LbssCOMRAM                    bssCOMRAM    000000
__Lcinit                        cinit        000000
__Lclrtext                      clrtext      000000
__Lcomram                       comram       000000
__Lconfig                       config       300000
__Lconst                        const        000000
__LcstackBANK0                  cstackBANK0  000000
__LcstackCOMRAM                 cstackCOMRAM 000000
__Ldata                         data         000000
__Leeprom_data                  eeprom_data  000000
__Lend_init                     end_init     00007E
__Lfarbss                       farbss       000000
__Lfardata                      fardata      000000
__Libigdata                     ibigdata     000000
__Lidata                        idata        000000
__Lidloc                        idloc        000000
__Lifardata                     ifardata     000000
__Linit                         init         00007E
__Lintcode                      intcode      000008
__Lintcode_body                 intcode_body 000000
__Lintcodelo                    intcodelo    000018
__Lintentry                     intentry     000000
__Lintret                       intret       000000
__Lintsave_regs                 intsave_regs 000000
__Lirdata                       irdata       000000
__Lmediumconst                  mediumconst  000000
__LnvCOMRAM                     nvCOMRAM     000000
__LnvFARRAM                     nvFARRAM     000000
__Lnvbit                        nvbit        000000
__Lnvrram                       nvrram       000000
__Lpa_nodes                     pa_nodes     000000
__Lparam                        rparam       000000
__Lpowerup                      powerup      00007E
__Lram                          ram          000000
__Lramtop                       ramtop       000200
__Lrbit                         rbit         000000
__Lrbss                         rbss         000000
__Lrdata                        rdata        000000
__Lreset_vec                    reset_vec    000000
__Lrparam                       rparam       000000
__Lsfr                          sfr          000000
__Lsmallconst                   smallconst   000200
__Lspace_0                      (abs)        000000
__Lspace_1                      (abs)        000000
__Lspace_2                      (abs)        000000
__Lstack                        stack        000000
__Lstruct                       struct       000000
__Ltemp                         temp         000000
__Ltext                         text         000000
__Ltext0                        text0        000000
__Ltext1                        text1        000000
__Ltext10                       text10       000000
__Ltext11                       text11       000000
__Ltext12                       text12       000000
__Ltext13                       text13       000000
__Ltext14                       text14       000000
__Ltext15                       text15       000000
__Ltext16                       text16       000000
__Ltext17                       text17       000000
__Ltext18                       text18       000000
__Ltext19                       text19       000000
__Ltext2                        text2        000000
__Ltext20                       text20       000000
__Ltext21                       text21       000000
__Ltext22                       text22       000000
__Ltext23                       text23       000000
__Ltext24                       text24       000000
__Ltext25                       text25       000000
__Ltext26                       text26       000000
__Ltext27                       text27       000000
__Ltext28                       text28       000000
__Ltext29                       text29       000000
__Ltext3                        text3        000000
__Ltext30                       text30       000000
__Ltext31                       text31       000000
__Ltext32                       text32       000000
__Ltext33                       text33       000000
__Ltext34                       text34       000000
__Ltext35                       text35       000000
__Ltext36                       text36       000000
__Ltext37                       text37       000000
__Ltext38                       text38       000000
__Ltext39                       text39       000000
__Ltext4                        text4        000000
__Ltext40                       text40       000000
__Ltext41                       text41       000000
__Ltext42                       text42       000000
__Ltext43                       text43       000000
__Ltext44                       text44       000000
__Ltext45                       text45       000000
__Ltext46                       text46       000000
__Ltext47                       text47       000000
__Ltext48                       text48       000000
__Ltext49                       text49       000000
__Ltext5                        text5        000000
__Ltext50                       text50       000000
__Ltext51                       text51       000000
__Ltext52                       text52       000000
__Ltext53                       text53       000000
__Ltext54                       text54       000000
__Ltext55                       text55       000000
__Ltext57                       text57       000000
__Ltext58                       text58       000000
__Ltext59                       text59       000000
__Ltext6                        text6        000000
__Ltext60                       text60       000000
__Ltext62                       text62       000000
__Ltext63                       text63       000000
__Ltext64                       text64       000000
__Ltext65                       text65       000000
__Ltext66                       text66       000000
__Ltext67                       text67       000000
__Ltext7                        text7        000000
__Ltext8                        text8        000000
__Ltext9                        text9        000000
__S0                            (abs)        30000E
__S1                            (abs)        00006F
__S2                            (abs)        000000
___awdiv                        text11       0007D2
___awdiv@counter                cstackBANK0  000060
___awdiv@dividend               cstackCOMRAM 00003E
___awdiv@divisor                cstackCOMRAM 000040
___awdiv@quotient               cstackBANK0  000062
___awdiv@sign                   cstackBANK0  000061
___awmod                        text10       000972
___awmod@counter                cstackCOMRAM 000042
___awmod@dividend               cstackBANK0  000064
___awmod@divisor                cstackBANK0  000066
___awmod@sign                   cstackCOMRAM 000043
___inthi_sp                     stack        000000
___intlo_sp                     stack        000000
___lbmod                        text9        000DAC
___lbmod@counter                cstackBANK0  000065
___lbmod@dividend               cstackBANK0  000064
___lbmod@divisor                cstackCOMRAM 000042
___lbmod@rem                    cstackBANK0  000066
___lwdiv                        text18       000B42
___lwdiv@counter                cstackCOMRAM 000044
___lwdiv@dividend               cstackCOMRAM 00003E
___lwdiv@divisor                cstackCOMRAM 000040
___lwdiv@quotient               cstackCOMRAM 000042
___lwmod                        text17       000C12
___lwmod@counter                cstackBANK0  000064
___lwmod@dividend               cstackBANK0  000060
___lwmod@divisor                cstackBANK0  000062
___sp                           stack        000000
___wmul                         text3        000D86
___wmul@multiplicand            cstackCOMRAM 000040
___wmul@multiplier              cstackCOMRAM 00003E
___wmul@product                 cstackCOMRAM 000042
__accesstop                     (abs)        000060
__activetblptr                  (abs)        000002
__end_ofPL10                    text16       0008EC
__end_ofPL12                    text4        000712
__end_ofPL14                    text2        0004A4
__end_ofPL16                    text0        0005A0
__end_ofPL18                    text55       000AEE
__end_ofPL2                     text59       0007C2
__end_ofPL20                    text4        00071C
__end_ofPL22                    text55       000AF8
__end_ofPL4                     text59       0007D2
__end_ofPL6                     text16       0008DA
__end_ofPL8                     text11       000862
__end_of_Busy_eep               text13       0010D0
__end_of_Buzzer                 text55       000AE0
__end_of_ClearButtonsAndTimers  text46       000E82
__end_of_ClearFlags             text54       0010A2
__end_of_DisplayClear           text45       000F90
__end_of_DisplayDP              text20       001040
__end_of_DisplayMsg             text19       000BD2
__end_of_DisplayOff             text50       0010C2
__end_of_DisplayOn              text48       0010BA
__end_of_DisplaySync            text6        0010DA
__end_of_DisplayValue           text16       0008CA
__end_of_EncoderISR             text60       000A4A
__end_of_FlashDisplay           text47       000F1A
__end_of_GetLastTime            text14       000B42
__end_of_HandleButtons          text44       000664
__end_of_InitButtons            text35       00108E
__end_of_InitBuzzer             text34       000EFE
__end_of_InitDisplay            text36       0010AA
__end_of_InitEncoder            text33       000D5E
__end_of_InitInterrupt          text32       001078
__end_of_InitOscillator         text31       000FF8
__end_of_InitPins               text30       000F4C
__end_of_InitRelay              text29       0010D6
__end_of_InitStuctures          text28       000D34
__end_of_InitSystem             text22       000C8E
__end_of_InitTMR0               text26       001030
__end_of_InitTMR1               text24       001050
__end_of_InitTMR3               text23       000FE4
__end_of_IntHigh                intcode_body 000EC2
__end_of_IntLow                 intcodelo    00007E
__end_of_MAX7219_Clear          text43       000D86
__end_of_MAX7219_Init           text41       000F34
__end_of_MAX7219_New            text37       00100C
__end_of_MAX7219_NormalMode     text42       0010B2
__end_of_MAX7219_SetDecode      text40       001084
__end_of_MAX7219_SetIntensity   text39       00106C
__end_of_MAX7219_SetRegister    text52       000FA6
__end_of_MAX7219_SetScanLimit   text38       00105E
__end_of_MAX7219_ShiftByte      text53       000DF6
__end_of_MAX7219_Shutdown       text51       0010CA
__end_of_MAX7219_SyncBuffer     text7        000EA2
__end_of_MAX7219_TurnOn         text49       001098
__end_of_NewButtonCheck         text59       0007B4
__end_of_NoTimer                text21       000FD0
__end_of_Read_b_eep             text15       00101E
__end_of_SaveTime               text8        000972
__end_of_ScrollMessage          text4        000700
__end_of_SetTimer               text2        000496
__end_of_ShiftDisplayLeft       text5        000E60
__end_of_TMR0_ISR               text57       000C12
__end_of_TMR0_Start             text27       0010E2
__end_of_TMR1_ISR               text67       000E3E
__end_of_TMR1_Start             text25       0010DE
__end_of_TMR3_ISR               text62       000F64
__end_of_TimerOn                text1        000AA4
__end_of_Write_b_eep            text12       000D00
__end_of___awdiv                text11       000858
__end_of___awmod                text10       0009EA
__end_of___lbmod                text9        000DD2
__end_of___lwdiv                text18       000B8C
__end_of___lwmod                text17       000C50
__end_of___wmul                 text3        000DAC
__end_of__initialization        cinit        000F70
__end_of__stringdata            smallconst   00029A
__end_of_digitsArray            smallconst   000280
__end_of_main                   text0        000592
__end_of_segmentFont            smallconst   000266
__end_of_table                  smallconst   000276
__end_ofi1___lwmod              text58       000CCC
__end_ofi2_DisplaySync          text63       0010E6
__end_ofi2_MAX7219_SetRegister  text65       000FBC
__end_ofi2_MAX7219_ShiftByte    text66       000E1A
__end_ofi2_MAX7219_SyncBuffer   text64       000EE2
__initialization                cinit        000F64
__mediumconst                   mediumconst  000000
__pbssCOMRAM                    bssCOMRAM    000001
__pcinit                        cinit        000F64
__pcstackBANK0                  cstackBANK0  000060
__pcstackCOMRAM                 cstackCOMRAM 000029
__pintcode                      intcode      000008
__pintcode_body                 intcode_body 000EA2
__pintcodelo                    intcodelo    000018
__pnvCOMRAM                     nvCOMRAM     000045
__psmallconst                   smallconst   000200
__ptext0                        text0        0004A4
__ptext1                        text1        000A4A
__ptext10                       text10       000972
__ptext11                       text11       0007D2
__ptext12                       text12       000CCC
__ptext13                       text13       0010CA
__ptext14                       text14       000AF8
__ptext15                       text15       00100C
__ptext16                       text16       000862
__ptext17                       text17       000C12
__ptext18                       text18       000B42
__ptext19                       text19       000B8C
__ptext2                        text2        00029C
__ptext20                       text20       001030
__ptext21                       text21       000FBC
__ptext22                       text22       000C50
__ptext23                       text23       000FD0
__ptext24                       text24       001040
__ptext25                       text25       0010DA
__ptext26                       text26       00101E
__ptext27                       text27       0010DE
__ptext28                       text28       000D00
__ptext29                       text29       0010D0
__ptext3                        text3        000D86
__ptext30                       text30       000F34
__ptext31                       text31       000FE4
__ptext32                       text32       00106C
__ptext33                       text33       000D34
__ptext34                       text34       000EE2
__ptext35                       text35       001084
__ptext36                       text36       0010A2
__ptext37                       text37       000FF8
__ptext38                       text38       001050
__ptext39                       text39       00105E
__ptext4                        text4        000664
__ptext40                       text40       001078
__ptext41                       text41       000F1A
__ptext42                       text42       0010AA
__ptext43                       text43       000D5E
__ptext44                       text44       0005A0
__ptext45                       text45       000F7A
__ptext46                       text46       000E60
__ptext47                       text47       000EFE
__ptext48                       text48       0010B2
__ptext49                       text49       00108E
__ptext5                        text5        000E3E
__ptext50                       text50       0010BA
__ptext51                       text51       0010C2
__ptext52                       text52       000F90
__ptext53                       text53       000DD2
__ptext54                       text54       001098
__ptext55                       text55       000AA4
__ptext57                       text57       000BD2
__ptext58                       text58       000C8E
__ptext59                       text59       00071C
__ptext6                        text6        0010D6
__ptext60                       text60       0009EA
__ptext62                       text62       000F4C
__ptext63                       text63       0010E2
__ptext64                       text64       000EC2
__ptext65                       text65       000FA6
__ptext66                       text66       000DF6
__ptext67                       text67       000E1A
__ptext7                        text7        000E82
__ptext8                        text8        0008EC
__ptext9                        text9        000DAC
__ramtop                        ramtop       000200
__size_of_Busy_eep              (abs)        000000
__size_of_Buzzer                (abs)        000000
__size_of_ClearButtonsAndTimers (abs)        000000
__size_of_ClearFlags            (abs)        000000
__size_of_DisplayClear          (abs)        000000
__size_of_DisplayDP             (abs)        000000
__size_of_DisplayMsg            (abs)        000000
__size_of_DisplayOff            (abs)        000000
__size_of_DisplayOn             (abs)        000000
__size_of_DisplaySync           (abs)        000000
__size_of_DisplayValue          (abs)        000000
__size_of_EncoderISR            (abs)        000000
__size_of_FlashDisplay          (abs)        000000
__size_of_GetLastTime           (abs)        000000
__size_of_HandleButtons         (abs)        000000
__size_of_InitButtons           (abs)        000000
__size_of_InitBuzzer            (abs)        000000
__size_of_InitDisplay           (abs)        000000
__size_of_InitEncoder           (abs)        000000
__size_of_InitInterrupt         (abs)        000000
__size_of_InitOscillator        (abs)        000000
__size_of_InitPins              (abs)        000000
__size_of_InitRelay             (abs)        000000
__size_of_InitStuctures         (abs)        000000
__size_of_InitSystem            (abs)        000000
__size_of_InitTMR0              (abs)        000000
__size_of_InitTMR1              (abs)        000000
__size_of_InitTMR3              (abs)        000000
__size_of_IntHigh               (abs)        000000
__size_of_IntLow                (abs)        000000
__size_of_MAX7219_Clear         (abs)        000000
__size_of_MAX7219_Init          (abs)        000000
__size_of_MAX7219_New           (abs)        000000
__size_of_MAX7219_NormalMode    (abs)        000000
__size_of_MAX7219_SetDecode     (abs)        000000
__size_of_MAX7219_SetIntensity  (abs)        000000
__size_of_MAX7219_SetRegister   (abs)        000000
__size_of_MAX7219_SetScanLimit  (abs)        000000
__size_of_MAX7219_ShiftByte     (abs)        000000
__size_of_MAX7219_Shutdown      (abs)        000000
__size_of_MAX7219_SyncBuffer    (abs)        000000
__size_of_MAX7219_TurnOn        (abs)        000000
__size_of_NewButtonCheck        (abs)        000000
__size_of_NoTimer               (abs)        000000
__size_of_Read_b_eep            (abs)        000000
__size_of_SaveTime              (abs)        000000
__size_of_ScrollMessage         (abs)        000000
__size_of_SetTimer              (abs)        000000
__size_of_ShiftDisplayLeft      (abs)        000000
__size_of_TMR0_ISR              (abs)        000000
__size_of_TMR0_Start            (abs)        000000
__size_of_TMR1_ISR              (abs)        000000
__size_of_TMR1_Start            (abs)        000000
__size_of_TMR3_ISR              (abs)        000000
__size_of_TimerOn               (abs)        000000
__size_of_Write_b_eep           (abs)        000000
__size_of___awdiv               (abs)        000000
__size_of___awmod               (abs)        000000
__size_of___lbmod               (abs)        000000
__size_of___lwdiv               (abs)        000000
__size_of___lwmod               (abs)        000000
__size_of___wmul                (abs)        000000
__size_of_main                  (abs)        000000
__size_ofi1___lwmod             (abs)        000000
__size_ofi2_DisplaySync         (abs)        000000
__size_ofi2_MAX7219_SetRegister (abs)        000000
__size_ofi2_MAX7219_ShiftByte   (abs)        000000
__size_ofi2_MAX7219_SyncBuffer  (abs)        000000
__smallconst                    smallconst   000200
__stringdata                    smallconst   000280
_buts                           bssCOMRAM    00000D
_coder                          nvCOMRAM     000045
_digitsArray                    smallconst   000276
_encoderButton                  bssCOMRAM    00001D
_flag                           bssCOMRAM    000019
_hwflag                         bssCOMRAM    00001A
_ledButton                      bssCOMRAM    000023
_main                           text0        0004A4
_mainCount                      bssCOMRAM    00000F
_mainState                      bssCOMRAM    00001B
_maxBuffer                      bssCOMRAM    000001
_pCount                         bssCOMRAM    000011
_segmentFont                    smallconst   000201
_signal                         bssCOMRAM    00001C
_t3Count                        bssCOMRAM    000013
_table                          smallconst   000266
_time                           bssCOMRAM    000004
_tmrCount                       bssCOMRAM    000015
end_of_initialization           cinit        000F70
i1___lwmod                      text58       000C8E
i1___lwmod@counter              cstackCOMRAM 00002D
i1___lwmod@dividend             cstackCOMRAM 000029
i1___lwmod@divisor              cstackCOMRAM 00002B
i2MAX7219_SetRegister@data      cstackCOMRAM 000039
i2MAX7219_SetRegister@reg       cstackCOMRAM 00003A
i2MAX7219_ShiftByte@i           cstackCOMRAM 000038
i2MAX7219_ShiftByte@value       cstackCOMRAM 000037
i2MAX7219_SyncBuffer@i          cstackCOMRAM 00003B
i2_DisplaySync                  text63       0010E2
i2_MAX7219_SetRegister          text65       000FA6
i2_MAX7219_ShiftByte            text66       000DF6
i2_MAX7219_SyncBuffer           text64       000EC2
int_func                        intcode_body 000EA2
intlevel0                       text         000000
intlevel1                       text         000000
intlevel2                       text         000000
intlevel3                       text         000000
stackhi                         (abs)        0001FF
stacklo                         (abs)        00006F
start                           init         00007E
start_initialization            cinit        000F64


FUNCTION INFORMATION:

 *************** function _main *****************
 Defined at:
		line 40 in file "main.c"
 Parameters:    Size  Location     Type
		None
 Auto vars:     Size  Location     Type
		None
 Return value:  Size  Location     Type
		None               void
 Registers used:
		wreg, fsr1l, fsr1h, fsr2l, fsr2h, status,2, status,0, tblptrl, tblptrh, tblptru, prodl, prodh, cstack
 Tracked objects:
		On entry : 
		On exit  : 
		Unchanged: 
 Data sizes:     COMRAM   BANK0   BANK1
      Params:         0       0       0
      Locals:         0       0       0
      Temps:          0       0       0
      Totals:         0       0       0
Total ram usage:        0 bytes
 Hardware stack levels required when called:   15
 This function calls:
		_Buzzer
		_ClearButtonsAndTimers
		_ClearFlags
		_DisplayOn
		_FlashDisplay
		_HandleButtons
		_InitDisplay
		_InitSystem
		_NoTimer
		_ScrollMessage
		_SetTimer
		_TimerOn
 This function is called by:
		Startup code after reset
 This function uses a non-reentrant model


 *************** function _TimerOn *****************
 Defined at:
		line 136 in file "main.c"
 Parameters:    Size  Location     Type
		None
 Auto vars:     Size  Location     Type
		None
 Return value:  Size  Location     Type
		None               void
 Registers used:
		wreg, fsr2l, fsr2h, status,2, status,0, tblptrl, tblptrh, tblptru, prodl, cstack
 Tracked objects:
		On entry : 
		On exit  : 
		Unchanged: 
 Data sizes:     COMRAM   BANK0   BANK1
      Params:         0       0       0
      Locals:         0       0       0
      Temps:          0       0       0
      Totals:         0       0       0
Total ram usage:        0 bytes
 Hardware stack levels used:    1
 Hardware stack levels required when called:   11
 This function calls:
		_DisplayMsg
		_DisplayValue
 This function is called by:
		_main
 This function uses a non-reentrant model


 *************** function _SetTimer *****************
 Defined at:
		line 109 in file "user.c"
 Parameters:    Size  Location     Type
		None
 Auto vars:     Size  Location     Type
  wait            2   11[BANK0 ] unsigned int 
  amount          1   14[BANK0 ] char 
  switchState     1   13[BANK0 ] unsigned char 
 Return value:  Size  Location     Type
		None               void
 Registers used:
		wreg, fsr1l, fsr1h, fsr2l, fsr2h, status,2, status,0, tblptrl, tblptrh, tblptru, prodl, prodh, cstack
 Tracked objects:
		On entry : 
		On exit  : 
		Unchanged: 
 Data sizes:     COMRAM   BANK0   BANK1
      Params:         0       0       0
      Locals:         0       4       0
      Temps:          0       0       0
      Totals:         0       4       0
Total ram usage:        4 bytes
 Hardware stack levels used:    1
 Hardware stack levels required when called:   14
 This function calls:
		_ClearButtonsAndTimers
		_DisplayDP
		_DisplayMsg
		_DisplayValue
		_GetLastTime
		_SaveTime
		_ScrollMessage
		___awdiv
		___awmod
		___wmul
 This function is called by:
		_main
 This function uses a non-reentrant model


 *************** function ___wmul *****************
 Defined at:
		line 15 in file "C:\Program Files (x86)\Microchip\xc8\v1.33\sources\common\Umul16.c"
 Parameters:    Size  Location     Type
  multiplier      2   21[COMRAM] unsigned int 
  multiplicand    2   23[COMRAM] unsigned int 
 Auto vars:     Size  Location     Type
  product         2   25[COMRAM] unsigned int 
 Return value:  Size  Location     Type
                  2   21[COMRAM] unsigned int 
 Registers used:
		wreg, status,2, status,0, prodl, prodh
 Tracked objects:
		On entry : 
		On exit  : 
		Unchanged: 
 Data sizes:     COMRAM   BANK0   BANK1
      Params:         4       0       0
      Locals:         2       0       0
      Temps:          0       0       0
      Totals:         6       0       0
Total ram usage:        6 bytes
 Hardware stack levels used:    1
 Hardware stack levels required when called:    9
 This function calls:
		Nothing
 This function is called by:
		_SetTimer
 This function uses a non-reentrant model


 *************** function _ScrollMessage *****************
 Defined at:
		line 86 in file "display.c"
 Parameters:    Size  Location     Type
  string          1    wreg     PTR const unsigned char 
		 -> STR_4(4), STR_2(8), STR_1(6), 
 Auto vars:     Size  Location     Type
  string          1    3[BANK0 ] PTR const unsigned char 
		 -> STR_4(4), STR_2(8), STR_1(6), 
  x               1    4[BANK0 ] unsigned char 
  delayCount      2    1[BANK0 ] unsigned int 
  i               1    5[BANK0 ] unsigned char 
  digit           1    0[BANK0 ] unsigned char 
 Return value:  Size  Location     Type
		None               void
 Registers used:
		wreg, fsr1l, fsr1h, fsr2l, fsr2h, status,2, status,0, tblptrl, tblptrh, tblptru, cstack
 Tracked objects:
		On entry : 
		On exit  : 
		Unchanged: 
 Data sizes:     COMRAM   BANK0   BANK1
      Params:         0       0       0
      Locals:         0       6       0
      Temps:          2       0       0
      Totals:         2       6       0
Total ram usage:        8 bytes
 Hardware stack levels used:    1
 Hardware stack levels required when called:   13
 This function calls:
		_DisplayClear
		_DisplaySync
		_ShiftDisplayLeft
 This function is called by:
		_main
		_SetTimer
 This function uses a non-reentrant model


 *************** function _ShiftDisplayLeft *****************
 Defined at:
		line 119 in file "display.c"
 Parameters:    Size  Location     Type
		None
 Auto vars:     Size  Location     Type
  x               1   21[COMRAM] unsigned char 
 Return value:  Size  Location     Type
		None               void
 Registers used:
		wreg, fsr1l, fsr1h, fsr2l, fsr2h, status,2, status,0
 Tracked objects:
		On entry : 
		On exit  : 
		Unchanged: 
 Data sizes:     COMRAM   BANK0   BANK1
      Params:         0       0       0
      Locals:         1       0       0
      Temps:          0       0       0
      Totals:         1       0       0
Total ram usage:        1 bytes
 Hardware stack levels used:    1
 Hardware stack levels required when called:    9
 This function calls:
		Nothing
 This function is called by:
		_ScrollMessage
 This function uses a non-reentrant model


 *************** function _DisplaySync *****************
 Defined at:
		line 156 in file "display.c"
 Parameters:    Size  Location     Type
		None
 Auto vars:     Size  Location     Type
		None
 Return value:  Size  Location     Type
		None               void
 Registers used:
		wreg, fsr2l, fsr2h, status,2, status,0, cstack
 Tracked objects:
		On entry : 
		On exit  : 
		Unchanged: 
 Data sizes:     COMRAM   BANK0   BANK1
      Params:         0       0       0
      Locals:         0       0       0
      Temps:          0       0       0
      Totals:         0       0       0
Total ram usage:        0 bytes
 Hardware stack levels used:    1
 Hardware stack levels required when called:   12
 This function calls:
		_MAX7219_SyncBuffer
 This function is called by:
		_ScrollMessage
 This function uses a non-reentrant model


 *************** function _MAX7219_SyncBuffer *****************
 Defined at:
		line 234 in file "max7219.c"
 Parameters:    Size  Location     Type
		None
 Auto vars:     Size  Location     Type
  i               1   25[COMRAM] unsigned char 
 Return value:  Size  Location     Type
		None               void
 Registers used:
		wreg, fsr2l, fsr2h, status,2, status,0, cstack
 Tracked objects:
		On entry : 
		On exit  : 
		Unchanged: 
 Data sizes:     COMRAM   BANK0   BANK1
      Params:         0       0       0
      Locals:         1       0       0
      Temps:          0       0       0
      Totals:         1       0       0
Total ram usage:        1 bytes
 Hardware stack levels used:    1
 Hardware stack levels required when called:   11
 This function calls:
		_MAX7219_SetRegister
 This function is called by:
		_DisplaySync
 This function uses a non-reentrant model


 *************** function _SaveTime *****************
 Defined at:
		line 96 in file "user.c"
 Parameters:    Size  Location     Type
  time            2    8[BANK0 ] int 
 Auto vars:     Size  Location     Type
  value           1   27[COMRAM] unsigned char 
 Return value:  Size  Location     Type
		None               void
 Registers used:
		wreg, status,2, status,0, prodl, cstack
 Tracked objects:
		On entry : 
		On exit  : 
		Unchanged: 
 Data sizes:     COMRAM   BANK0   BANK1
      Params:         0       2       0
      Locals:         1       0       0
      Temps:          0       0       0
      Totals:         1       2       0
Total ram usage:        3 bytes
 Hardware stack levels used:    1
 Hardware stack levels required when called:   10
 This function calls:
		_Busy_eep
		_Write_b_eep
		___awdiv
		___awmod
		___lbmod
 This function is called by:
		_SetTimer
 This function uses a non-reentrant model


 *************** function ___lbmod *****************
 Defined at:
		line 4 in file "C:\Program Files (x86)\Microchip\xc8\v1.33\sources\common\lbmod.c"
 Parameters:    Size  Location     Type
  dividend        1    wreg     unsigned char 
  divisor         1   25[COMRAM] unsigned char 
 Auto vars:     Size  Location     Type
  dividend        1    4[BANK0 ] unsigned char 
  rem             1    6[BANK0 ] unsigned char 
  counter         1    5[BANK0 ] unsigned char 
 Return value:  Size  Location     Type
                  1    wreg      unsigned char 
 Registers used:
		wreg, status,2, status,0
 Tracked objects:
		On entry : 
		On exit  : 
		Unchanged: 
 Data sizes:     COMRAM   BANK0   BANK1
      Params:         1       0       0
      Locals:         0       3       0
      Temps:          0       0       0
      Totals:         1       3       0
Total ram usage:        4 bytes
 Hardware stack levels used:    1
 Hardware stack levels required when called:    9
 This function calls:
		Nothing
 This function is called by:
		_SaveTime
 This function uses a non-reentrant model


 *************** function ___awmod *****************
 Defined at:
		line 8 in file "C:\Program Files (x86)\Microchip\xc8\v1.33\sources\common\awmod.c"
 Parameters:    Size  Location     Type
  dividend        2    4[BANK0 ] int 
  divisor         2    6[BANK0 ] int 
 Auto vars:     Size  Location     Type
  sign            1   26[COMRAM] unsigned char 
  counter         1   25[COMRAM] unsigned char 
 Return value:  Size  Location     Type
                  2    4[BANK0 ] int 
 Registers used:
		wreg, status,2, status,0, prodl
 Tracked objects:
		On entry : 
		On exit  : 
		Unchanged: 
 Data sizes:     COMRAM   BANK0   BANK1
      Params:         0       4       0
      Locals:         2       0       0
      Temps:          0       0       0
      Totals:         2       4       0
Total ram usage:        6 bytes
 Hardware stack levels used:    1
 Hardware stack levels required when called:    9
 This function calls:
		Nothing
 This function is called by:
		_SaveTime
		_SetTimer
 This function uses a non-reentrant model


 *************** function ___awdiv *****************
 Defined at:
		line 8 in file "C:\Program Files (x86)\Microchip\xc8\v1.33\sources\common\awdiv.c"
 Parameters:    Size  Location     Type
  dividend        2   21[COMRAM] int 
  divisor         2   23[COMRAM] int 
 Auto vars:     Size  Location     Type
  quotient        2    2[BANK0 ] int 
  sign            1    1[BANK0 ] unsigned char 
  counter         1    0[BANK0 ] unsigned char 
 Return value:  Size  Location     Type
                  2   21[COMRAM] int 
 Registers used:
		wreg, status,2, status,0, prodl
 Tracked objects:
		On entry : 
		On exit  : 
		Unchanged: 
 Data sizes:     COMRAM   BANK0   BANK1
      Params:         4       0       0
      Locals:         0       4       0
      Temps:          0       0       0
      Totals:         4       4       0
Total ram usage:        8 bytes
 Hardware stack levels used:    1
 Hardware stack levels required when called:    9
 This function calls:
		Nothing
 This function is called by:
		_SaveTime
		_SetTimer
 This function uses a non-reentrant model


 *************** function _Write_b_eep *****************
 Defined at:
		line 30 in file "C:\Program Files (x86)\Microchip\xc8\v1.33\sources\pic18\plib\EEP\write_B.c"
 Parameters:    Size  Location     Type
  badd            2   21[COMRAM] unsigned int 
  bdat            1   23[COMRAM] unsigned char 
 Auto vars:     Size  Location     Type
  GIE_BIT_VAL     1   24[COMRAM] unsigned char 
 Return value:  Size  Location     Type
		None               void
 Registers used:
		wreg, status,2
 Tracked objects:
		On entry : 
		On exit  : 
		Unchanged: 
 Data sizes:     COMRAM   BANK0   BANK1
      Params:         3       0       0
      Locals:         1       0       0
      Temps:          0       0       0
      Totals:         4       0       0
Total ram usage:        4 bytes
 Hardware stack levels used:    1
 Hardware stack levels required when called:    9
 This function calls:
		Nothing
 This function is called by:
		_SaveTime
 This function uses a non-reentrant model


 *************** function _Busy_eep *****************
 Defined at:
		line 12 in file "C:\Program Files (x86)\Microchip\xc8\v1.33\sources\pic18\plib\EEP\busy_eep.c"
 Parameters:    Size  Location     Type
		None
 Auto vars:     Size  Location     Type
		None
 Return value:  Size  Location     Type
		None               void
 Registers used:
		None
 Tracked objects:
		On entry : 
		On exit  : 
		Unchanged: 
 Data sizes:     COMRAM   BANK0   BANK1
      Params:         0       0       0
      Locals:         0       0       0
      Temps:          0       0       0
      Totals:         0       0       0
Total ram usage:        0 bytes
 Hardware stack levels used:    1
 Hardware stack levels required when called:    9
 This function calls:
		Nothing
 This function is called by:
		_SaveTime
 This function uses a non-reentrant model


 *************** function _GetLastTime *****************
 Defined at:
		line 81 in file "user.c"
 Parameters:    Size  Location     Type
		None
 Auto vars:     Size  Location     Type
  i               1    4[BANK0 ] unsigned char 
  value           2    0[BANK0 ] int 
  read            1    3[BANK0 ] unsigned char 
  scale           1    2[BANK0 ] unsigned char 
 Return value:  Size  Location     Type
                  2   23[COMRAM] int 
 Registers used:
		wreg, status,2, status,0, prodl, prodh, cstack
 Tracked objects:
		On entry : 
		On exit  : 
		Unchanged: 
 Data sizes:     COMRAM   BANK0   BANK1
      Params:         2       0       0
      Locals:         0       5       0
      Temps:          0       0       0
      Totals:         2       5       0
Total ram usage:        7 bytes
 Hardware stack levels used:    1
 Hardware stack levels required when called:   10
 This function calls:
		_Read_b_eep
 This function is called by:
		_SetTimer
 This function uses a non-reentrant model


 *************** function _Read_b_eep *****************
 Defined at:
		line 23 in file "C:\Program Files (x86)\Microchip\xc8\v1.33\sources\pic18\plib\EEP\read_B.c"
 Parameters:    Size  Location     Type
  badd            2   21[COMRAM] unsigned int 
 Auto vars:     Size  Location     Type
		None
 Return value:  Size  Location     Type
                  1    wreg      unsigned char 
 Registers used:
		wreg, status,2
 Tracked objects:
		On entry : 
		On exit  : 
		Unchanged: 
 Data sizes:     COMRAM   BANK0   BANK1
      Params:         2       0       0
      Locals:         0       0       0
      Temps:          0       0       0
      Totals:         2       0       0
Total ram usage:        2 bytes
 Hardware stack levels used:    1
 Hardware stack levels required when called:    9
 This function calls:
		Nothing
 This function is called by:
		_GetLastTime
 This function uses a non-reentrant model


 *************** function _DisplayValue *****************
 Defined at:
		line 59 in file "display.c"
 Parameters:    Size  Location     Type
  number          2    5[BANK0 ] unsigned int 
 Auto vars:     Size  Location     Type
  ones            1   10[BANK0 ] unsigned char 
  tens            1    9[BANK0 ] unsigned char 
  hund            1    8[BANK0 ] unsigned char 
 Return value:  Size  Location     Type
		None               void
 Registers used:
		wreg, status,2, status,0, tblptrl, tblptrh, tblptru, cstack
 Tracked objects:
		On entry : 
		On exit  : 
		Unchanged: 
 Data sizes:     COMRAM   BANK0   BANK1
      Params:         0       2       0
      Locals:         0       3       0
      Temps:          0       1       0
      Totals:         0       6       0
Total ram usage:        6 bytes
 Hardware stack levels used:    1
 Hardware stack levels required when called:   10
 This function calls:
		___lwdiv
		___lwmod
 This function is called by:
		_TimerOn
		_SetTimer
 This function uses a non-reentrant model


 *************** function ___lwmod *****************
 Defined at:
		line 8 in file "C:\Program Files (x86)\Microchip\xc8\v1.33\sources\common\lwmod.c"
 Parameters:    Size  Location     Type
  dividend        2    0[BANK0 ] unsigned int 
  divisor         2    2[BANK0 ] unsigned int 
 Auto vars:     Size  Location     Type
  counter         1    4[BANK0 ] unsigned char 
 Return value:  Size  Location     Type
                  2    0[BANK0 ] unsigned int 
 Registers used:
		wreg, status,2, status,0
 Tracked objects:
		On entry : 
		On exit  : 
		Unchanged: 
 Data sizes:     COMRAM   BANK0   BANK1
      Params:         0       4       0
      Locals:         0       1       0
      Temps:          0       0       0
      Totals:         0       5       0
Total ram usage:        5 bytes
 Hardware stack levels used:    1
 Hardware stack levels required when called:    9
 This function calls:
		Nothing
 This function is called by:
		_DisplayValue
 This function uses a non-reentrant model


 *************** function ___lwdiv *****************
 Defined at:
		line 8 in file "C:\Program Files (x86)\Microchip\xc8\v1.33\sources\common\lwdiv.c"
 Parameters:    Size  Location     Type
  dividend        2   21[COMRAM] unsigned int 
  divisor         2   23[COMRAM] unsigned int 
 Auto vars:     Size  Location     Type
  quotient        2   25[COMRAM] unsigned int 
  counter         1   27[COMRAM] unsigned char 
 Return value:  Size  Location     Type
                  2   21[COMRAM] unsigned int 
 Registers used:
		wreg, status,2, status,0
 Tracked objects:
		On entry : 
		On exit  : 
		Unchanged: 
 Data sizes:     COMRAM   BANK0   BANK1
      Params:         4       0       0
      Locals:         3       0       0
      Temps:          0       0       0
      Totals:         7       0       0
Total ram usage:        7 bytes
 Hardware stack levels used:    1
 Hardware stack levels required when called:    9
 This function calls:
		Nothing
 This function is called by:
		_DisplayValue
 This function uses a non-reentrant model


 *************** function _DisplayMsg *****************
 Defined at:
		line 76 in file "display.c"
 Parameters:    Size  Location     Type
  msg             1    wreg     PTR const unsigned char 
		 -> STR_5(4), STR_3(4), 
 Auto vars:     Size  Location     Type
  msg             1   25[COMRAM] PTR const unsigned char 
		 -> STR_5(4), STR_3(4), 
  i               1   26[COMRAM] unsigned char 
  fValue          1   24[COMRAM] unsigned char 
 Return value:  Size  Location     Type
		None               void
 Registers used:
		wreg, fsr2l, fsr2h, status,2, status,0, tblptrl, tblptrh, tblptru
 Tracked objects:
		On entry : 
		On exit  : 
		Unchanged: 
 Data sizes:     COMRAM   BANK0   BANK1
      Params:         0       0       0
      Locals:         3       0       0
      Temps:          3       0       0
      Totals:         6       0       0
Total ram usage:        6 bytes
 Hardware stack levels used:    1
 Hardware stack levels required when called:    9
[...]
      Totals:         2       0       0
Total ram usage:        2 bytes
 Hardware stack levels used:    1
 Hardware stack levels required when called:   10
 This function calls:
		_MAX7219_ShiftByte
 This function is called by:
		_MAX7219_Shutdown
		_MAX7219_TurnOn
		_MAX7219_SetDecode
		_MAX7219_NormalMode
		_MAX7219_SetScanLimit
		_MAX7219_SetIntensity
		_MAX7219_Clear
		_MAX7219_SyncBuffer
 This function uses a non-reentrant model


 *************** function _MAX7219_ShiftByte *****************
 Defined at:
		line 112 in file "max7219.c"
 Parameters:    Size  Location     Type
  value           1    wreg     unsigned char 
 Auto vars:     Size  Location     Type
  value           1   21[COMRAM] unsigned char 
  i               1   22[COMRAM] unsigned char 
 Return value:  Size  Location     Type
		None               void
 Registers used:
		wreg, status,2, status,0
 Tracked objects:
		On entry : 
		On exit  : 
		Unchanged: 
 Data sizes:     COMRAM   BANK0   BANK1
      Params:         0       0       0
      Locals:         2       0       0
      Temps:          0       0       0
      Totals:         2       0       0
Total ram usage:        2 bytes
 Hardware stack levels used:    1
 Hardware stack levels required when called:    9
 This function calls:
		Nothing
 This function is called by:
		_MAX7219_SetRegister
 This function uses a non-reentrant model


 *************** function _ClearFlags *****************
 Defined at:
		line 91 in file "globals.c"
 Parameters:    Size  Location     Type
		None
 Auto vars:     Size  Location     Type
		None
 Return value:  Size  Location     Type
		None               void
 Registers used:
		None
 Tracked objects:
		On entry : 
		On exit  : 
		Unchanged: 
 Data sizes:     COMRAM   BANK0   BANK1
      Params:         0       0       0
      Locals:         0       0       0
      Temps:          0       0       0
      Totals:         0       0       0
Total ram usage:        0 bytes
 Hardware stack levels used:    1
 Hardware stack levels required when called:    9
 This function calls:
		Nothing
 This function is called by:
		_main
 This function uses a non-reentrant model


 *************** function _Buzzer *****************
 Defined at:
		line 82 in file "pins.c"
 Parameters:    Size  Location     Type
		None
 Auto vars:     Size  Location     Type
		None
 Return value:  Size  Location     Type
		None               void
 Registers used:
		wreg, status,2, status,0
 Tracked objects:
		On entry : 
		On exit  : 
		Unchanged: 
 Data sizes:     COMRAM   BANK0   BANK1
      Params:         0       0       0
      Locals:         0       0       0
      Temps:          0       0       0
      Totals:         0       0       0
Total ram usage:        0 bytes
 Hardware stack levels used:    1
 Hardware stack levels required when called:    9
 This function calls:
		Nothing
 This function is called by:
		_main
 This function uses a non-reentrant model


 *************** function _IntLow *****************
 Defined at:
		line 70 in file "interrupt.c"
 Parameters:    Size  Location     Type
		None
 Auto vars:     Size  Location     Type
		None
 Return value:  Size  Location     Type
		None               void
 Registers used:
		wreg, fsr2l, fsr2h, status,2, status,0, tblptrl, tblptrh, tblptru, cstack
 Tracked objects:
		On entry : 
		On exit  : 
		Unchanged: 
 Data sizes:     COMRAM   BANK0   BANK1
      Params:         0       0       0
      Locals:         0       0       0
      Temps:          9       0       0
      Totals:         9       0       0
Total ram usage:        9 bytes
 Hardware stack levels used:    1
 Hardware stack levels required when called:    8
 This function calls:
		_EncoderISR
		_TMR0_ISR
 This function is called by:
		Interrupt level 1
 This function uses a non-reentrant model


 *************** function _TMR0_ISR *****************
 Defined at:
		line 88 in file "timers.c"
 Parameters:    Size  Location     Type
		None
 Auto vars:     Size  Location     Type
		None
 Return value:  Size  Location     Type
		None               void
 Registers used:
		wreg, fsr2l, fsr2h, status,2, status,0, cstack
 Tracked objects:
		On entry : 
		On exit  : 
		Unchanged: 
 Data sizes:     COMRAM   BANK0   BANK1
      Params:         0       0       0
      Locals:         0       0       0
      Temps:          0       0       0
      Totals:         0       0       0
Total ram usage:        0 bytes
 Hardware stack levels used:    1
 Hardware stack levels required when called:    7
 This function calls:
		_NewButtonCheck
		i1___lwmod
 This function is called by:
		_IntLow
 This function uses a non-reentrant model


 *************** function i1___lwmod *****************
 Defined at:
		line 8 in file "C:\Program Files (x86)\Microchip\xc8\v1.33\sources\common\lwmod.c"
 Parameters:    Size  Location     Type
  dividend        2    0[COMRAM] unsigned int 
  divisor         2    2[COMRAM] unsigned int 
 Auto vars:     Size  Location     Type
  __lwmod         1    4[COMRAM] unsigned char 
 Return value:  Size  Location     Type
                  2    0[COMRAM] unsigned int 
 Registers used:
		wreg, status,2, status,0
 Tracked objects:
		On entry : 
		On exit  : 
		Unchanged: 
 Data sizes:     COMRAM   BANK0   BANK1
      Params:         4       0       0
      Locals:         1       0       0
      Temps:          0       0       0
      Totals:         5       0       0
Total ram usage:        5 bytes
 Hardware stack levels used:    1
 Hardware stack levels required when called:    6
 This function calls:
		Nothing
 This function is called by:
		_TMR0_ISR
 This function uses a non-reentrant model


 *************** function _NewButtonCheck *****************
 Defined at:
		line 58 in file "user.c"
 Parameters:    Size  Location     Type
		None
 Auto vars:     Size  Location     Type
  i               1    2[COMRAM] unsigned char 
 Return value:  Size  Location     Type
		None               void
 Registers used:
		wreg, fsr2l, fsr2h, status,2, status,0
 Tracked objects:
		On entry : 
		On exit  : 
		Unchanged: 
 Data sizes:     COMRAM   BANK0   BANK1
      Params:         0       0       0
      Locals:         1       0       0
      Temps:          2       0       0
      Totals:         3       0       0
Total ram usage:        3 bytes
 Hardware stack levels used:    1
 Hardware stack levels required when called:    6
 This function calls:
		Nothing
 This function is called by:
		_TMR0_ISR
 This function uses a non-reentrant model


 *************** function _EncoderISR *****************
 Defined at:
		line 111 in file "encoder.c"
 Parameters:    Size  Location     Type
		None
 Auto vars:     Size  Location     Type
  temp            1    2[COMRAM] unsigned char 
 Return value:  Size  Location     Type
		None               void
 Registers used:
		wreg, status,2, status,0, tblptrl, tblptrh, tblptru
 Tracked objects:
		On entry : 
		On exit  : 
		Unchanged: 
 Data sizes:     COMRAM   BANK0   BANK1
      Params:         0       0       0
      Locals:         1       0       0
      Temps:          2       0       0
      Totals:         3       0       0
Total ram usage:        3 bytes
 Hardware stack levels used:    1
 Hardware stack levels required when called:    6
 This function calls:
		Nothing
 This function is called by:
		_IntLow
 This function uses a non-reentrant model


 *************** function _IntHigh *****************
 Defined at:
		line 60 in file "interrupt.c"
 Parameters:    Size  Location     Type
		None
 Auto vars:     Size  Location     Type
		None
 Return value:  Size  Location     Type
		None               void
 Registers used:
		wreg, fsr2l, fsr2h, status,2, status,0, cstack
 Tracked objects:
		On entry : 
		On exit  : 
		Unchanged: 
 Data sizes:     COMRAM   BANK0   BANK1
      Params:         0       0       0
      Locals:         0       0       0
      Temps:          2       0       0
      Totals:         2       0       0
Total ram usage:        2 bytes
 Hardware stack levels used:    1
 Hardware stack levels required when called:    5
 This function calls:
		_TMR1_ISR
		_TMR3_ISR
 This function is called by:
		Interrupt level 2
 This function uses a non-reentrant model


 *************** function _TMR3_ISR *****************
 Defined at:
		line 222 in file "timers.c"
 Parameters:    Size  Location     Type
		None
 Auto vars:     Size  Location     Type
		None
 Return value:  Size  Location     Type
		None               void
 Registers used:
		wreg, fsr2l, fsr2h, status,2, status,0, cstack
 Tracked objects:
		On entry : 
		On exit  : 
		Unchanged: 
 Data sizes:     COMRAM   BANK0   BANK1
      Params:         0       0       0
      Locals:         0       0       0
      Temps:          0       0       0
      Totals:         0       0       0
Total ram usage:        0 bytes
 Hardware stack levels used:    1
 Hardware stack levels required when called:    4
 This function calls:
		i2_DisplaySync
 This function is called by:
		_IntHigh
 This function uses a non-reentrant model


 *************** function i2_DisplaySync *****************
 Defined at:
		line 156 in file "display.c"
 Parameters:    Size  Location     Type
		None
 Auto vars:     Size  Location     Type
		None
 Return value:  Size  Location     Type
		None               void
 Registers used:
		wreg, fsr2l, fsr2h, status,2, status,0, cstack
 Tracked objects:
		On entry : 
		On exit  : 
		Unchanged: 
 Data sizes:     COMRAM   BANK0   BANK1
      Params:         0       0       0
      Locals:         0       0       0
      Temps:          0       0       0
      Totals:         0       0       0
Total ram usage:        0 bytes
 Hardware stack levels used:    1
 Hardware stack levels required when called:    3
 This function calls:
		i2_MAX7219_SyncBuffer
 This function is called by:
		_TMR3_ISR
 This function uses a non-reentrant model


 *************** function i2_MAX7219_SyncBuffer *****************
 Defined at:
		line 234 in file "max7219.c"
 Parameters:    Size  Location     Type
		None
 Auto vars:     Size  Location     Type
  MAX7219_Sync    1   18[COMRAM] unsigned char 
 Return value:  Size  Location     Type
		None               void
 Registers used:
		wreg, fsr2l, fsr2h, status,2, status,0, cstack
 Tracked objects:
		On entry : 
		On exit  : 
		Unchanged: 
 Data sizes:     COMRAM   BANK0   BANK1
      Params:         0       0       0
      Locals:         1       0       0
      Temps:          0       0       0
      Totals:         1       0       0
Total ram usage:        1 bytes
 Hardware stack levels used:    1
 Hardware stack levels required when called:    2
 This function calls:
		i2_MAX7219_SetRegister
 This function is called by:
		i2_DisplaySync
 This function uses a non-reentrant model


 *************** function i2_MAX7219_SetRegister *****************
 Defined at:
		line 132 in file "max7219.c"
 Parameters:    Size  Location     Type
  reg             1    wreg     unsigned char 
  data            1   16[COMRAM] unsigned char 
 Auto vars:     Size  Location     Type
  reg             1   17[COMRAM] unsigned char 
 Return value:  Size  Location     Type
		None               void
 Registers used:
		wreg, status,2, status,0, cstack
 Tracked objects:
		On entry : 
		On exit  : 
		Unchanged: 
 Data sizes:     COMRAM   BANK0   BANK1
      Params:         1       0       0
      Locals:         1       0       0
      Temps:          0       0       0
      Totals:         2       0       0
Total ram usage:        2 bytes
 Hardware stack levels used:    1
 Hardware stack levels required when called:    1
 This function calls:
		i2_MAX7219_ShiftByte
 This function is called by:
		i2_MAX7219_SyncBuffer
 This function uses a non-reentrant model


 *************** function i2_MAX7219_ShiftByte *****************
 Defined at:
		line 112 in file "max7219.c"
 Parameters:    Size  Location     Type
  value           1    wreg     unsigned char 
 Auto vars:     Size  Location     Type
  value           1   14[COMRAM] unsigned char 
  MAX7219_Shif    1   15[COMRAM] unsigned char 
 Return value:  Size  Location     Type
		None               void
 Registers used:
		wreg, status,2, status,0
 Tracked objects:
		On entry : 
		On exit  : 
		Unchanged: 
 Data sizes:     COMRAM   BANK0   BANK1
      Params:         0       0       0
      Locals:         2       0       0
      Temps:          0       0       0
      Totals:         2       0       0
Total ram usage:        2 bytes
 Hardware stack levels used:    1
 This function calls:
		Nothing
 This function is called by:
		i2_MAX7219_SetRegister
 This function uses a non-reentrant model


 *************** function _TMR1_ISR *****************
 Defined at:
		line 175 in file "timers.c"
 Parameters:    Size  Location     Type
		None
 Auto vars:     Size  Location     Type
		None
 Return value:  Size  Location     Type
		None               void
 Registers used:
		wreg, status,2, status,0
 Tracked objects:
		On entry : 
		On exit  : 
		Unchanged: 
 Data sizes:     COMRAM   BANK0   BANK1
      Params:         0       0       0
      Locals:         0       0       0
      Temps:          0       0       0
      Totals:         0       0       0
Total ram usage:        0 bytes
 Hardware stack levels used:    1
 This function calls:
		Nothing
 This function is called by:
		_IntHigh
 This function uses a non-reentrant model



MODULE INFORMATION

Module		Function		Class		Link	Load	Size
C:\Program Files (x86)\Microchip\xc8\v1.33\sources\pic18\plib\EEP\write_B.c
		_Write_b_eep   		CODE           	0CCC	0000	52

C:\Program Files (x86)\Microchip\xc8\v1.33\sources\pic18\plib\EEP\write_B.c estimated size: 52

timers.c
		_InitTMR0      		CODE           	101E	0000	18
		_InitTMR1      		CODE           	1040	0000	16
		_InitTMR3      		CODE           	0FD0	0000	20
		_TMR1_Start    		CODE           	10DA	0000	4
		_TMR3_ISR      		CODE           	0F4C	0000	24
		_TMR0_ISR      		CODE           	0BD2	0000	64
		_TMR1_ISR      		CODE           	0E1A	0000	36
		_TMR0_Start    		CODE           	10DE	0000	4

timers.c estimated size: 186

C:\Program Files (x86)\Microchip\xc8\v1.33\sources\pic18\plib\EEP\busy_eep.c
		_Busy_eep      		CODE           	10CA	0000	6

C:\Program Files (x86)\Microchip\xc8\v1.33\sources\pic18\plib\EEP\busy_eep.c estimated size: 6

C:\Program Files (x86)\Microchip\xc8\v1.33\sources\common\lwmod.c
		___lwmod       		CODE           	0C12	0000	62

C:\Program Files (x86)\Microchip\xc8\v1.33\sources\common\lwmod.c estimated size: 62

C:\Program Files (x86)\Microchip\xc8\v1.33\sources\common\awmod.c
		___awmod       		CODE           	0972	0000	120

C:\Program Files (x86)\Microchip\xc8\v1.33\sources\common\awmod.c estimated size: 120

pins.c
		_InitButtons   		CODE           	1084	0000	10
		_InitBuzzer    		CODE           	0EE2	0000	28
		_InitPins      		CODE           	0F34	0000	24
		_Buzzer        		CODE           	0AA4	0000	60
		_InitRelay     		CODE           	10D0	0000	6

pins.c estimated size: 128

C:\Program Files (x86)\Microchip\xc8\v1.33\sources\common\Umul16.c
		___wmul        		CODE           	0D86	0000	38

C:\Program Files (x86)\Microchip\xc8\v1.33\sources\common\Umul16.c estimated size: 38

C:\Program Files (x86)\Microchip\xc8\v1.33\sources\common\lwdiv.c
		___lwdiv       		CODE           	0B42	0000	74

C:\Program Files (x86)\Microchip\xc8\v1.33\sources\common\lwdiv.c estimated size: 74

C:\Program Files (x86)\Microchip\xc8\v1.33\sources\common\awdiv.c
		___awdiv       		CODE           	07D2	0000	134

C:\Program Files (x86)\Microchip\xc8\v1.33\sources\common\awdiv.c estimated size: 134

C:\Program Files (x86)\Microchip\xc8\v1.33\sources\pic18\plib\EEP\read_B.c
		_Read_b_eep    		CODE           	100C	0000	18

C:\Program Files (x86)\Microchip\xc8\v1.33\sources\pic18\plib\EEP\read_B.c estimated size: 18

interrupt.c
		_InitInterrupt 		CODE           	106C	0000	12
		_IntHigh       		CODE           	0008	0000	3770
		_IntLow        		CODE           	0018	0000	102

interrupt.c estimated size: 3884

C:\Program Files (x86)\Microchip\xc8\v1.33\sources\common\lbmod.c
		___lbmod       		CODE           	0DAC	0000	38

C:\Program Files (x86)\Microchip\xc8\v1.33\sources\common\lbmod.c estimated size: 38

shared
		PL12           		CODE           	0700	0000	18
		PL8            		CODE           	0858	0000	10
		i2_MAX7219_SetR		CODE           	0FA6	0000	22
		PL22           		CODE           	0AEE	0000	10
		PL14           		CODE           	0496	0000	14
		_digitsArray   		SMALLCONST     	0276	0000	10
		i2_MAX7219_Shif		CODE           	0DF6	0000	36
		__stringdata   		SMALLCONST     	0280	0000	26
		PL16           		CODE           	0592	0000	14
		PL18           		CODE           	0AE0	0000	14
		_table         		SMALLCONST     	0266	0000	16
		_segmentFont   		SMALLCONST     	0201	0000	101
		i2_DisplaySync 		CODE           	10E2	0000	4
		i1___lwmod     		CODE           	0C8E	0000	62
		__initializatio		CODE           	0F64	0000	12
		i2_MAX7219_Sync		CODE           	0EC2	0000	32
		PL2            		CODE           	07B4	0000	14
		PL10           		CODE           	08DA	0000	18
		PL4            		CODE           	07C2	0000	16
		PL20           		CODE           	0712	0000	10
		PL6            		CODE           	08CA	0000	16

shared estimated size: 475

max7219.c
		_MAX7219_SyncBu		CODE           	0E82	0000	32
		_MAX7219_SetSca		CODE           	1050	0000	14
		_MAX7219_New   		CODE           	0FF8	0000	20
		_MAX7219_SetInt		CODE           	105E	0000	14
		_MAX7219_Init  		CODE           	0F1A	0000	26
		_MAX7219_Clear 		CODE           	0D5E	0000	40
		_MAX7219_SetDec		CODE           	1078	0000	12
		_MAX7219_Shutdo		CODE           	10C2	0000	8
		_MAX7219_ShiftB		CODE           	0DD2	0000	36
		_MAX7219_TurnOn		CODE           	108E	0000	10
		_MAX7219_Normal		CODE           	10AA	0000	8
		_MAX7219_SetReg		CODE           	0F90	0000	22

max7219.c estimated size: 242

display.c
		_ShiftDisplayLe		CODE           	0E3E	0000	34
		_ScrollMessage 		CODE           	0664	0000	156
		_InitDisplay   		CODE           	10A2	0000	8
		_FlashDisplay  		CODE           	0EFE	0000	28
		_DisplayDP     		CODE           	1030	0000	16
		_DisplayOn     		CODE           	10B2	0000	8
		_DisplayOff    		CODE           	10BA	0000	8
		_DisplayMsg    		CODE           	0B8C	0000	70
		_DisplaySync   		CODE           	10D6	0000	4
		_DisplayValue  		CODE           	0862	0000	104
		_DisplayClear  		CODE           	0F7A	0000	22

display.c estimated size: 458

encoder.c
		_EncoderISR    		CODE           	09EA	0000	96
		_InitEncoder   		CODE           	0D34	0000	42

encoder.c estimated size: 138

user.c
		_HandleButtons 		CODE           	05A0	0000	196
		_SaveTime      		CODE           	08EC	0000	134
		_SetTimer      		CODE           	029C	0000	506
		_GetLastTime   		CODE           	0AF8	0000	74
		_NewButtonCheck		CODE           	071C	0000	152

user.c estimated size: 1062

main.c
		_TimerOn       		CODE           	0A4A	0000	90
		_main          		CODE           	04A4	0000	238
		_NoTimer       		CODE           	0FBC	0000	20

main.c estimated size: 348

system.c
		_InitOscillator		CODE           	0FE4	0000	20
		_InitSystem    		CODE           	0C50	0000	62

system.c estimated size: 82

globals.c
		_InitStuctures 		CODE           	0D00	0000	52
		_ClearFlags    		CODE           	1098	0000	10
		_ClearButtonsAn		CODE           	0E60	0000	34

globals.c estimated size: 96

